Archive member included to satisfy reference by file (symbol)

../lab2_sw_bsp/\libhal_bsp.a(alt_load.o)
                              ../lab2_sw_bsp//obj/HAL/src/crt0.o (alt_load)
../lab2_sw_bsp/\libhal_bsp.a(alt_main.o)
                              ../lab2_sw_bsp//obj/HAL/src/crt0.o (alt_main)
../lab2_sw_bsp/\libhal_bsp.a(alt_usleep.o)
                              obj/default/lab2_source.o (usleep)
../lab2_sw_bsp/\libhal_bsp.a(alt_sys_init.o)
                              ../lab2_sw_bsp/\libhal_bsp.a(alt_main.o) (alt_irq_init)
../lab2_sw_bsp/\libhal_bsp.a(alt_busy_sleep.o)
                              ../lab2_sw_bsp/\libhal_bsp.a(alt_usleep.o) (alt_busy_sleep)
../lab2_sw_bsp/\libhal_bsp.a(alt_dcache_flush_all.o)
                              ../lab2_sw_bsp/\libhal_bsp.a(alt_load.o) (alt_dcache_flush_all)
../lab2_sw_bsp/\libhal_bsp.a(alt_icache_flush_all.o)
                              ../lab2_sw_bsp/\libhal_bsp.a(alt_load.o) (alt_icache_flush_all)
../lab2_sw_bsp/\libhal_bsp.a(altera_nios2_gen2_irq.o)
                              ../lab2_sw_bsp/\libhal_bsp.a(alt_sys_init.o) (altera_nios2_gen2_irq_init)
c:/quartus/17.1/nios2eds/bin/gnu/h-x86_64-mingw32/bin/../lib/gcc/nios2-elf/5.3.0/mno-hw-mul\libgcc.a(lib2-divmod.o)
                              ../lab2_sw_bsp/\libhal_bsp.a(alt_busy_sleep.o) (__udivsi3)
c:/quartus/17.1/nios2eds/bin/gnu/h-x86_64-mingw32/bin/../lib/gcc/nios2-elf/5.3.0/mno-hw-mul\libgcc.a(lib2-mul.o)
                              ../lab2_sw_bsp/\libhal_bsp.a(alt_busy_sleep.o) (__mulsi3)

Memory Configuration

Name             Origin             Length             Attributes
reset            0x0000000000002000 0x0000000000000020
onchip_mem       0x0000000000002020 0x0000000000001fe0
*default*        0x0000000000000000 0xffffffffffffffff

Linker script and memory map

LOAD ../lab2_sw_bsp//obj/HAL/src/crt0.o
LOAD obj/default/lab2_source.o
LOAD c:/quartus/17.1/nios2eds/bin/gnu/h-x86_64-mingw32/bin/../lib/gcc/nios2-elf/5.3.0/../../../../../H-x86_64-mingw32/nios2-elf/lib/mno-hw-mul\libstdc++.a
LOAD c:/quartus/17.1/nios2eds/bin/gnu/h-x86_64-mingw32/bin/../lib/gcc/nios2-elf/5.3.0/../../../../../H-x86_64-mingw32/nios2-elf/lib/mno-hw-mul\libm.a
LOAD c:/quartus/17.1/nios2eds/bin/gnu/h-x86_64-mingw32/bin/../lib/gcc/nios2-elf/5.3.0/mno-hw-mul\libgcc.a
START GROUP
LOAD c:/quartus/17.1/nios2eds/bin/gnu/h-x86_64-mingw32/bin/../lib/gcc/nios2-elf/5.3.0/../../../../../H-x86_64-mingw32/nios2-elf/lib/mno-hw-mul\libsmallc.a
LOAD c:/quartus/17.1/nios2eds/bin/gnu/h-x86_64-mingw32/bin/../lib/gcc/nios2-elf/5.3.0/mno-hw-mul\libgcc.a
LOAD ../lab2_sw_bsp/\libhal_bsp.a
LOAD c:/quartus/17.1/nios2eds/bin/gnu/h-x86_64-mingw32/bin/../lib/gcc/nios2-elf/5.3.0/../../../../../H-x86_64-mingw32/nios2-elf/lib/mno-hw-mul\libm.a
END GROUP
LOAD c:/quartus/17.1/nios2eds/bin/gnu/h-x86_64-mingw32/bin/../lib/gcc/nios2-elf/5.3.0/mno-hw-mul\libgcc.a
                0x0000000000002000                __alt_mem_onchip_mem = 0x2000

.entry          0x0000000000002000       0x20
 *(.entry)
 .entry         0x0000000000002000       0x20 ../lab2_sw_bsp//obj/HAL/src/crt0.o
                0x0000000000002000                __reset
                0x000000000000200c                _exit

.exceptions     0x0000000000002020        0x0
                0x0000000000002020                PROVIDE (__ram_exceptions_start, ABSOLUTE (.))
                0x0000000000002020                . = ALIGN (0x20)
 *(.irq)
 *(.exceptions.entry.label)
 *(.exceptions.entry.user)
 *(.exceptions.entry.ecc_fatal)
 *(.exceptions.entry)
 *(.exceptions.irqtest.user)
 *(.exceptions.irqtest)
 *(.exceptions.irqhandler.user)
 *(.exceptions.irqhandler)
 *(.exceptions.irqreturn.user)
 *(.exceptions.irqreturn)
 *(.exceptions.notirq.label)
 *(.exceptions.notirq.user)
 *(.exceptions.notirq)
 *(.exceptions.soft.user)
 *(.exceptions.soft)
 *(.exceptions.unknown.user)
 *(.exceptions.unknown)
 *(.exceptions.exit.label)
 *(.exceptions.exit.user)
 *(.exceptions.exit)
 *(.exceptions)
                0x0000000000002020                PROVIDE (__ram_exceptions_end, ABSOLUTE (.))
                0x0000000000002020                PROVIDE (__flash_exceptions_start, LOADADDR (.exceptions))

.text           0x0000000000002020      0x634
                [!provide]                        PROVIDE (stext, ABSOLUTE (.))
 *(.interp)
 *(.hash)
 *(.dynsym)
 *(.dynstr)
 *(.gnu.version)
 *(.gnu.version_d)
 *(.gnu.version_r)
 *(.rel.init)
 *(.rela.init)
 *(.rel.text .rel.text.* .rel.gnu.linkonce.t.*)
 *(.rela.text .rela.text.* .rela.gnu.linkonce.t.*)
 *(.rel.fini)
 *(.rela.fini)
 *(.rel.rodata .rel.rodata.* .rel.gnu.linkonce.r.*)
 *(.rela.rodata .rela.rodata.* .rela.gnu.linkonce.r.*)
 *(.rel.data .rel.data.* .rel.gnu.linkonce.d.*)
 *(.rela.data .rela.data.* .rela.gnu.linkonce.d.*)
 *(.rel.tdata .rel.tdata.* .rel.gnu.linkonce.td.*)
 *(.rela.tdata .rela.tdata.* .rela.gnu.linkonce.td.*)
 *(.rel.tbss .rel.tbss.* .rel.gnu.linkonce.tb.*)
 *(.rela.tbss .rela.tbss.* .rela.gnu.linkonce.tb.*)
 *(.rel.ctors)
 *(.rela.ctors)
 *(.rel.dtors)
 *(.rela.dtors)
 *(.rel.got)
 *(.rela.got)
 *(.rel.sdata .rel.sdata.* .rel.gnu.linkonce.s.*)
 *(.rela.sdata .rela.sdata.* .rela.gnu.linkonce.s.*)
 *(.rel.sbss .rel.sbss.* .rel.gnu.linkonce.sb.*)
 *(.rela.sbss .rela.sbss.* .rela.gnu.linkonce.sb.*)
 *(.rel.sdata2 .rel.sdata2.* .rel.gnu.linkonce.s2.*)
 *(.rela.sdata2 .rela.sdata2.* .rela.gnu.linkonce.s2.*)
 *(.rel.sbss2 .rel.sbss2.* .rel.gnu.linkonce.sb2.*)
 *(.rela.sbss2 .rela.sbss2.* .rela.gnu.linkonce.sb2.*)
 *(.rel.bss .rel.bss.* .rel.gnu.linkonce.b.*)
 *(.rela.bss .rela.bss.* .rela.gnu.linkonce.b.*)
 *(.rel.plt)
 *(.rela.plt)
 *(.rel.dyn)
 *(.init)
 *(.plt)
 *(.text .stub .text.* .gnu.linkonce.t.*)
 .text          0x0000000000002020       0x3c ../lab2_sw_bsp//obj/HAL/src/crt0.o
                0x0000000000002020                _start
 .text          0x000000000000205c       0x98 obj/default/lab2_source.o
                0x000000000000205c                main
 .text          0x00000000000020f4       0xec ../lab2_sw_bsp/\libhal_bsp.a(alt_load.o)
                0x000000000000215c                alt_load
 .text          0x00000000000021e0       0x54 ../lab2_sw_bsp/\libhal_bsp.a(alt_main.o)
                0x00000000000021e0                alt_main
 .text          0x0000000000002234       0x30 ../lab2_sw_bsp/\libhal_bsp.a(alt_usleep.o)
                0x0000000000002234                usleep
 .text          0x0000000000002264       0x58 ../lab2_sw_bsp/\libhal_bsp.a(alt_sys_init.o)
                0x0000000000002264                alt_irq_init
                0x000000000000229c                alt_sys_init
 .text          0x00000000000022bc      0x158 ../lab2_sw_bsp/\libhal_bsp.a(alt_busy_sleep.o)
                0x00000000000022bc                alt_busy_sleep
 .text          0x0000000000002414       0x20 ../lab2_sw_bsp/\libhal_bsp.a(alt_dcache_flush_all.o)
                0x0000000000002414                alt_dcache_flush_all
 .text          0x0000000000002434       0x20 ../lab2_sw_bsp/\libhal_bsp.a(alt_icache_flush_all.o)
                0x0000000000002434                alt_icache_flush_all
 .text          0x0000000000002454       0x24 ../lab2_sw_bsp/\libhal_bsp.a(altera_nios2_gen2_irq.o)
                0x0000000000002454                altera_nios2_gen2_irq_init
 .text          0x0000000000002478      0x1b4 c:/quartus/17.1/nios2eds/bin/gnu/h-x86_64-mingw32/bin/../lib/gcc/nios2-elf/5.3.0/mno-hw-mul\libgcc.a(lib2-divmod.o)
                0x0000000000002478                __divsi3
                0x00000000000024fc                __modsi3
                0x0000000000002570                __udivsi3
                0x00000000000025d4                __umodsi3
 .text          0x000000000000262c       0x28 c:/quartus/17.1/nios2eds/bin/gnu/h-x86_64-mingw32/bin/../lib/gcc/nios2-elf/5.3.0/mno-hw-mul\libgcc.a(lib2-mul.o)
                0x000000000000262c                __mulsi3
 *(.gnu.warning.*)
 *(.fini)
                [!provide]                        PROVIDE (__etext, ABSOLUTE (.))
                [!provide]                        PROVIDE (_etext, ABSOLUTE (.))
                [!provide]                        PROVIDE (etext, ABSOLUTE (.))
 *(.eh_frame_hdr)
                0x0000000000002654                . = ALIGN (0x4)
                [!provide]                        PROVIDE (__preinit_array_start, ABSOLUTE (.))
 *(.preinit_array)
                [!provide]                        PROVIDE (__preinit_array_end, ABSOLUTE (.))
                [!provide]                        PROVIDE (__init_array_start, ABSOLUTE (.))
 *(.init_array)
                [!provide]                        PROVIDE (__init_array_end, ABSOLUTE (.))
                [!provide]                        PROVIDE (__fini_array_start, ABSOLUTE (.))
 *(.fini_array)
                [!provide]                        PROVIDE (__fini_array_end, ABSOLUTE (.))
 *(.eh_frame)
 *(.gcc_except_table .gcc_except_table.*)
 *(.dynamic)
                [!provide]                        PROVIDE (__CTOR_LIST__, ABSOLUTE (.))
 *(.ctors)
 *(SORT(.ctors.*))
                [!provide]                        PROVIDE (__CTOR_END__, ABSOLUTE (.))
                [!provide]                        PROVIDE (__DTOR_LIST__, ABSOLUTE (.))
 *(.dtors)
 *(SORT(.dtors.*))
                [!provide]                        PROVIDE (__DTOR_END__, ABSOLUTE (.))
 *(.jcr)
                0x0000000000002654                . = ALIGN (0x4)

.rodata         0x0000000000002654        0x0
                0x0000000000002654                PROVIDE (__ram_rodata_start, ABSOLUTE (.))
                0x0000000000002654                . = ALIGN (0x4)
 *(.rodata .rodata.* .gnu.linkonce.r.*)
 *(.rodata1)
                0x0000000000002654                . = ALIGN (0x4)
                0x0000000000002654                PROVIDE (__ram_rodata_end, ABSOLUTE (.))
                0x0000000000002654                PROVIDE (__flash_rodata_start, LOADADDR (.rodata))

.rwdata         0x0000000000002654        0x0
                0x0000000000002654                PROVIDE (__ram_rwdata_start, ABSOLUTE (.))
                0x0000000000002654                . = ALIGN (0x4)
 *(.got.plt)
 *(.got)
 *(.data1)
 *(.data .data.* .gnu.linkonce.d.*)
 .data          0x0000000000002654        0x0 ../lab2_sw_bsp//obj/HAL/src/crt0.o
 .data          0x0000000000002654        0x0 obj/default/lab2_source.o
 .data          0x0000000000002654        0x0 ../lab2_sw_bsp/\libhal_bsp.a(alt_load.o)
 .data          0x0000000000002654        0x0 ../lab2_sw_bsp/\libhal_bsp.a(alt_main.o)
 .data          0x0000000000002654        0x0 ../lab2_sw_bsp/\libhal_bsp.a(alt_usleep.o)
 .data          0x0000000000002654        0x0 ../lab2_sw_bsp/\libhal_bsp.a(alt_sys_init.o)
 .data          0x0000000000002654        0x0 ../lab2_sw_bsp/\libhal_bsp.a(alt_busy_sleep.o)
 .data          0x0000000000002654        0x0 ../lab2_sw_bsp/\libhal_bsp.a(alt_dcache_flush_all.o)
 .data          0x0000000000002654        0x0 ../lab2_sw_bsp/\libhal_bsp.a(alt_icache_flush_all.o)
 .data          0x0000000000002654        0x0 ../lab2_sw_bsp/\libhal_bsp.a(altera_nios2_gen2_irq.o)
 .data          0x0000000000002654        0x0 c:/quartus/17.1/nios2eds/bin/gnu/h-x86_64-mingw32/bin/../lib/gcc/nios2-elf/5.3.0/mno-hw-mul\libgcc.a(lib2-divmod.o)
 .data          0x0000000000002654        0x0 c:/quartus/17.1/nios2eds/bin/gnu/h-x86_64-mingw32/bin/../lib/gcc/nios2-elf/5.3.0/mno-hw-mul\libgcc.a(lib2-mul.o)
                0x000000000000a654                _gp = ABSOLUTE ((. + 0x8000))
                [!provide]                        PROVIDE (gp, _gp)
 *(.rwdata .rwdata.*)
 *(.sdata .sdata.* .gnu.linkonce.s.*)
 *(.sdata2 .sdata2.* .gnu.linkonce.s2.*)
                0x0000000000002654                . = ALIGN (0x4)
                0x0000000000002654                _edata = ABSOLUTE (.)
                [!provide]                        PROVIDE (edata, ABSOLUTE (.))
                0x0000000000002654                PROVIDE (__ram_rwdata_end, ABSOLUTE (.))
                0x0000000000002654                PROVIDE (__flash_rwdata_start, LOADADDR (.rwdata))

.bss            0x0000000000002654        0xc
                0x0000000000002654                __bss_start = ABSOLUTE (.)
                [!provide]                        PROVIDE (__sbss_start, ABSOLUTE (.))
                [!provide]                        PROVIDE (___sbss_start, ABSOLUTE (.))
 *(.dynsbss)
 *(.sbss .sbss.* .gnu.linkonce.sb.*)
 .sbss          0x0000000000002654        0xc ../lab2_sw_bsp/\libhal_bsp.a(alt_main.o)
                0x0000000000002654                alt_argc
                0x0000000000002658                alt_argv
                0x000000000000265c                alt_envp
 *(.sbss2 .sbss2.* .gnu.linkonce.sb2.*)
 *(.scommon)
                [!provide]                        PROVIDE (__sbss_end, ABSOLUTE (.))
                [!provide]                        PROVIDE (___sbss_end, ABSOLUTE (.))
 *(.dynbss)
 *(.bss .bss.* .gnu.linkonce.b.*)
 .bss           0x0000000000002660        0x0 ../lab2_sw_bsp//obj/HAL/src/crt0.o
 .bss           0x0000000000002660        0x0 obj/default/lab2_source.o
 .bss           0x0000000000002660        0x0 ../lab2_sw_bsp/\libhal_bsp.a(alt_load.o)
 .bss           0x0000000000002660        0x0 ../lab2_sw_bsp/\libhal_bsp.a(alt_main.o)
 .bss           0x0000000000002660        0x0 ../lab2_sw_bsp/\libhal_bsp.a(alt_usleep.o)
 .bss           0x0000000000002660        0x0 ../lab2_sw_bsp/\libhal_bsp.a(alt_sys_init.o)
 .bss           0x0000000000002660        0x0 ../lab2_sw_bsp/\libhal_bsp.a(alt_busy_sleep.o)
 .bss           0x0000000000002660        0x0 ../lab2_sw_bsp/\libhal_bsp.a(alt_dcache_flush_all.o)
 .bss           0x0000000000002660        0x0 ../lab2_sw_bsp/\libhal_bsp.a(alt_icache_flush_all.o)
 .bss           0x0000000000002660        0x0 ../lab2_sw_bsp/\libhal_bsp.a(altera_nios2_gen2_irq.o)
 .bss           0x0000000000002660        0x0 c:/quartus/17.1/nios2eds/bin/gnu/h-x86_64-mingw32/bin/../lib/gcc/nios2-elf/5.3.0/mno-hw-mul\libgcc.a(lib2-divmod.o)
 .bss           0x0000000000002660        0x0 c:/quartus/17.1/nios2eds/bin/gnu/h-x86_64-mingw32/bin/../lib/gcc/nios2-elf/5.3.0/mno-hw-mul\libgcc.a(lib2-mul.o)
 *(COMMON)
                0x0000000000002660                . = ALIGN (0x4)
                0x0000000000002660                __bss_end = ABSOLUTE (.)

.onchip_mem     0x0000000000002660        0x0
                [!provide]                        PROVIDE (_alt_partition_onchip_mem_start, ABSOLUTE (.))
 *(.onchip_mem .onchip_mem. onchip_mem.*)
                0x0000000000002660                . = ALIGN (0x4)
                [!provide]                        PROVIDE (_alt_partition_onchip_mem_end, ABSOLUTE (.))
                0x0000000000002660                _end = ABSOLUTE (.)
                0x0000000000002660                end = ABSOLUTE (.)
                0x0000000000002660                __alt_stack_base = ABSOLUTE (.)
                [!provide]                        PROVIDE (_alt_partition_onchip_mem_load_addr, LOADADDR (.onchip_mem))

.stab
 *(.stab)

.stabstr
 *(.stabstr)

.stab.excl
 *(.stab.excl)

.stab.exclstr
 *(.stab.exclstr)

.stab.index
 *(.stab.index)

.stab.indexstr
 *(.stab.indexstr)

.comment        0x0000000000000000       0x23
 *(.comment)
 .comment       0x0000000000000000       0x23 obj/default/lab2_source.o
                                         0x24 (size before relaxing)
 .comment       0x0000000000000023       0x24 ../lab2_sw_bsp/\libhal_bsp.a(alt_load.o)
 .comment       0x0000000000000023       0x24 ../lab2_sw_bsp/\libhal_bsp.a(alt_main.o)
 .comment       0x0000000000000023       0x24 ../lab2_sw_bsp/\libhal_bsp.a(alt_usleep.o)
 .comment       0x0000000000000023       0x24 ../lab2_sw_bsp/\libhal_bsp.a(alt_sys_init.o)
 .comment       0x0000000000000023       0x24 ../lab2_sw_bsp/\libhal_bsp.a(alt_busy_sleep.o)
 .comment       0x0000000000000023       0x24 ../lab2_sw_bsp/\libhal_bsp.a(alt_dcache_flush_all.o)
 .comment       0x0000000000000023       0x24 ../lab2_sw_bsp/\libhal_bsp.a(alt_icache_flush_all.o)
 .comment       0x0000000000000023       0x24 ../lab2_sw_bsp/\libhal_bsp.a(altera_nios2_gen2_irq.o)
 .comment       0x0000000000000023       0x24 c:/quartus/17.1/nios2eds/bin/gnu/h-x86_64-mingw32/bin/../lib/gcc/nios2-elf/5.3.0/mno-hw-mul\libgcc.a(lib2-divmod.o)
 .comment       0x0000000000000023       0x24 c:/quartus/17.1/nios2eds/bin/gnu/h-x86_64-mingw32/bin/../lib/gcc/nios2-elf/5.3.0/mno-hw-mul\libgcc.a(lib2-mul.o)

.debug
 *(.debug)

.line
 *(.line)

.debug_srcinfo
 *(.debug_srcinfo)

.debug_sfnames
 *(.debug_sfnames)

.debug_aranges  0x0000000000000000      0x188
 *(.debug_aranges)
 .debug_aranges
                0x0000000000000000       0x28 ../lab2_sw_bsp//obj/HAL/src/crt0.o
 .debug_aranges
                0x0000000000000028       0x20 obj/default/lab2_source.o
 .debug_aranges
                0x0000000000000048       0x20 ../lab2_sw_bsp/\libhal_bsp.a(alt_load.o)
 .debug_aranges
                0x0000000000000068       0x20 ../lab2_sw_bsp/\libhal_bsp.a(alt_main.o)
 .debug_aranges
                0x0000000000000088       0x20 ../lab2_sw_bsp/\libhal_bsp.a(alt_usleep.o)
 .debug_aranges
                0x00000000000000a8       0x20 ../lab2_sw_bsp/\libhal_bsp.a(alt_sys_init.o)
 .debug_aranges
                0x00000000000000c8       0x20 ../lab2_sw_bsp/\libhal_bsp.a(alt_busy_sleep.o)
 .debug_aranges
                0x00000000000000e8       0x20 ../lab2_sw_bsp/\libhal_bsp.a(alt_dcache_flush_all.o)
 .debug_aranges
                0x0000000000000108       0x20 ../lab2_sw_bsp/\libhal_bsp.a(alt_icache_flush_all.o)
 .debug_aranges
                0x0000000000000128       0x20 ../lab2_sw_bsp/\libhal_bsp.a(altera_nios2_gen2_irq.o)
 .debug_aranges
                0x0000000000000148       0x20 c:/quartus/17.1/nios2eds/bin/gnu/h-x86_64-mingw32/bin/../lib/gcc/nios2-elf/5.3.0/mno-hw-mul\libgcc.a(lib2-divmod.o)
 .debug_aranges
                0x0000000000000168       0x20 c:/quartus/17.1/nios2eds/bin/gnu/h-x86_64-mingw32/bin/../lib/gcc/nios2-elf/5.3.0/mno-hw-mul\libgcc.a(lib2-mul.o)

.debug_pubnames
 *(.debug_pubnames)

.debug_info     0x0000000000000000      0xb84
 *(.debug_info .gnu.linkonce.wi.*)
 .debug_info    0x0000000000000000       0x66 ../lab2_sw_bsp//obj/HAL/src/crt0.o
 .debug_info    0x0000000000000066       0xbe obj/default/lab2_source.o
 .debug_info    0x0000000000000124      0x145 ../lab2_sw_bsp/\libhal_bsp.a(alt_load.o)
 .debug_info    0x0000000000000269      0x144 ../lab2_sw_bsp/\libhal_bsp.a(alt_main.o)
 .debug_info    0x00000000000003ad       0xb0 ../lab2_sw_bsp/\libhal_bsp.a(alt_usleep.o)
 .debug_info    0x000000000000045d       0xfa ../lab2_sw_bsp/\libhal_bsp.a(alt_sys_init.o)
 .debug_info    0x0000000000000557       0xd7 ../lab2_sw_bsp/\libhal_bsp.a(alt_busy_sleep.o)
 .debug_info    0x000000000000062e       0x92 ../lab2_sw_bsp/\libhal_bsp.a(alt_dcache_flush_all.o)
 .debug_info    0x00000000000006c0       0x92 ../lab2_sw_bsp/\libhal_bsp.a(alt_icache_flush_all.o)
 .debug_info    0x0000000000000752       0xb8 ../lab2_sw_bsp/\libhal_bsp.a(altera_nios2_gen2_irq.o)
 .debug_info    0x000000000000080a      0x2c6 c:/quartus/17.1/nios2eds/bin/gnu/h-x86_64-mingw32/bin/../lib/gcc/nios2-elf/5.3.0/mno-hw-mul\libgcc.a(lib2-divmod.o)
 .debug_info    0x0000000000000ad0       0xb4 c:/quartus/17.1/nios2eds/bin/gnu/h-x86_64-mingw32/bin/../lib/gcc/nios2-elf/5.3.0/mno-hw-mul\libgcc.a(lib2-mul.o)

.debug_abbrev   0x0000000000000000      0x5d2
 *(.debug_abbrev)
 .debug_abbrev  0x0000000000000000       0x12 ../lab2_sw_bsp//obj/HAL/src/crt0.o
 .debug_abbrev  0x0000000000000012       0x6f obj/default/lab2_source.o
 .debug_abbrev  0x0000000000000081       0x9f ../lab2_sw_bsp/\libhal_bsp.a(alt_load.o)
 .debug_abbrev  0x0000000000000120       0xb0 ../lab2_sw_bsp/\libhal_bsp.a(alt_main.o)
 .debug_abbrev  0x00000000000001d0       0x60 ../lab2_sw_bsp/\libhal_bsp.a(alt_usleep.o)
 .debug_abbrev  0x0000000000000230       0xbc ../lab2_sw_bsp/\libhal_bsp.a(alt_sys_init.o)
 .debug_abbrev  0x00000000000002ec       0x7e ../lab2_sw_bsp/\libhal_bsp.a(alt_busy_sleep.o)
 .debug_abbrev  0x000000000000036a       0x42 ../lab2_sw_bsp/\libhal_bsp.a(alt_dcache_flush_all.o)
 .debug_abbrev  0x00000000000003ac       0x42 ../lab2_sw_bsp/\libhal_bsp.a(alt_icache_flush_all.o)
 .debug_abbrev  0x00000000000003ee       0x67 ../lab2_sw_bsp/\libhal_bsp.a(altera_nios2_gen2_irq.o)
 .debug_abbrev  0x0000000000000455      0x10e c:/quartus/17.1/nios2eds/bin/gnu/h-x86_64-mingw32/bin/../lib/gcc/nios2-elf/5.3.0/mno-hw-mul\libgcc.a(lib2-divmod.o)
 .debug_abbrev  0x0000000000000563       0x6f c:/quartus/17.1/nios2eds/bin/gnu/h-x86_64-mingw32/bin/../lib/gcc/nios2-elf/5.3.0/mno-hw-mul\libgcc.a(lib2-mul.o)

.debug_line     0x0000000000000000      0x6d1
 *(.debug_line)
 .debug_line    0x0000000000000000       0x66 ../lab2_sw_bsp//obj/HAL/src/crt0.o
 .debug_line    0x0000000000000066       0x76 obj/default/lab2_source.o
 .debug_line    0x00000000000000dc       0x8e ../lab2_sw_bsp/\libhal_bsp.a(alt_load.o)
 .debug_line    0x000000000000016a       0xc6 ../lab2_sw_bsp/\libhal_bsp.a(alt_main.o)
 .debug_line    0x0000000000000230       0xa6 ../lab2_sw_bsp/\libhal_bsp.a(alt_usleep.o)
 .debug_line    0x00000000000002d6       0xa7 ../lab2_sw_bsp/\libhal_bsp.a(alt_sys_init.o)
 .debug_line    0x000000000000037d       0xa2 ../lab2_sw_bsp/\libhal_bsp.a(alt_busy_sleep.o)
 .debug_line    0x000000000000041f       0x51 ../lab2_sw_bsp/\libhal_bsp.a(alt_dcache_flush_all.o)
 .debug_line    0x0000000000000470       0x4f ../lab2_sw_bsp/\libhal_bsp.a(alt_icache_flush_all.o)
 .debug_line    0x00000000000004bf       0x8d ../lab2_sw_bsp/\libhal_bsp.a(altera_nios2_gen2_irq.o)
 .debug_line    0x000000000000054c      0x105 c:/quartus/17.1/nios2eds/bin/gnu/h-x86_64-mingw32/bin/../lib/gcc/nios2-elf/5.3.0/mno-hw-mul\libgcc.a(lib2-divmod.o)
 .debug_line    0x0000000000000651       0x80 c:/quartus/17.1/nios2eds/bin/gnu/h-x86_64-mingw32/bin/../lib/gcc/nios2-elf/5.3.0/mno-hw-mul\libgcc.a(lib2-mul.o)

.debug_frame    0x0000000000000000      0x298
 *(.debug_frame)
 .debug_frame   0x0000000000000000       0x2c obj/default/lab2_source.o
 .debug_frame   0x000000000000002c       0x5c ../lab2_sw_bsp/\libhal_bsp.a(alt_load.o)
 .debug_frame   0x0000000000000088       0x38 ../lab2_sw_bsp/\libhal_bsp.a(alt_main.o)
 .debug_frame   0x00000000000000c0       0x38 ../lab2_sw_bsp/\libhal_bsp.a(alt_usleep.o)
 .debug_frame   0x00000000000000f8       0x5c ../lab2_sw_bsp/\libhal_bsp.a(alt_sys_init.o)
 .debug_frame   0x0000000000000154       0x38 ../lab2_sw_bsp/\libhal_bsp.a(alt_busy_sleep.o)
 .debug_frame   0x000000000000018c       0x34 ../lab2_sw_bsp/\libhal_bsp.a(alt_dcache_flush_all.o)
 .debug_frame   0x00000000000001c0       0x34 ../lab2_sw_bsp/\libhal_bsp.a(alt_icache_flush_all.o)
 .debug_frame   0x00000000000001f4       0x34 ../lab2_sw_bsp/\libhal_bsp.a(altera_nios2_gen2_irq.o)
 .debug_frame   0x0000000000000228       0x50 c:/quartus/17.1/nios2eds/bin/gnu/h-x86_64-mingw32/bin/../lib/gcc/nios2-elf/5.3.0/mno-hw-mul\libgcc.a(lib2-divmod.o)
 .debug_frame   0x0000000000000278       0x20 c:/quartus/17.1/nios2eds/bin/gnu/h-x86_64-mingw32/bin/../lib/gcc/nios2-elf/5.3.0/mno-hw-mul\libgcc.a(lib2-mul.o)

.debug_str      0x0000000000000000      0x5d1
 *(.debug_str)
 .debug_str     0x0000000000000000       0xf9 obj/default/lab2_source.o
                                        0x137 (size before relaxing)
 .debug_str     0x00000000000000f9      0x123 ../lab2_sw_bsp/\libhal_bsp.a(alt_load.o)
                                        0x20a (size before relaxing)
 .debug_str     0x000000000000021c       0x96 ../lab2_sw_bsp/\libhal_bsp.a(alt_main.o)
                                        0x1b7 (size before relaxing)
 .debug_str     0x00000000000002b2       0x27 ../lab2_sw_bsp/\libhal_bsp.a(alt_usleep.o)
                                        0x140 (size before relaxing)
 .debug_str     0x00000000000002d9       0x4c ../lab2_sw_bsp/\libhal_bsp.a(alt_sys_init.o)
                                        0x18e (size before relaxing)
 .debug_str     0x0000000000000325       0x42 ../lab2_sw_bsp/\libhal_bsp.a(alt_busy_sleep.o)
                                        0x163 (size before relaxing)
 .debug_str     0x0000000000000367       0x34 ../lab2_sw_bsp/\libhal_bsp.a(alt_dcache_flush_all.o)
                                        0x14d (size before relaxing)
 .debug_str     0x000000000000039b       0x34 ../lab2_sw_bsp/\libhal_bsp.a(alt_icache_flush_all.o)
                                        0x14d (size before relaxing)
 .debug_str     0x00000000000003cf       0x3b ../lab2_sw_bsp/\libhal_bsp.a(altera_nios2_gen2_irq.o)
                                        0x17d (size before relaxing)
 .debug_str     0x000000000000040a      0x187 c:/quartus/17.1/nios2eds/bin/gnu/h-x86_64-mingw32/bin/../lib/gcc/nios2-elf/5.3.0/mno-hw-mul\libgcc.a(lib2-divmod.o)
                                        0x1d2 (size before relaxing)
 .debug_str     0x0000000000000591       0x40 c:/quartus/17.1/nios2eds/bin/gnu/h-x86_64-mingw32/bin/../lib/gcc/nios2-elf/5.3.0/mno-hw-mul\libgcc.a(lib2-mul.o)
                                        0x193 (size before relaxing)

.debug_loc      0x0000000000000000      0x561
 *(.debug_loc)
 .debug_loc     0x0000000000000000      0x4ce c:/quartus/17.1/nios2eds/bin/gnu/h-x86_64-mingw32/bin/../lib/gcc/nios2-elf/5.3.0/mno-hw-mul\libgcc.a(lib2-divmod.o)
 .debug_loc     0x00000000000004ce       0x93 c:/quartus/17.1/nios2eds/bin/gnu/h-x86_64-mingw32/bin/../lib/gcc/nios2-elf/5.3.0/mno-hw-mul\libgcc.a(lib2-mul.o)

.debug_macinfo
 *(.debug_macinfo)

.debug_weaknames
 *(.debug_weaknames)

.debug_funcnames
 *(.debug_funcnames)

.debug_typenames
 *(.debug_typenames)

.debug_varnames
 *(.debug_varnames)

.debug_alt_sim_info
                0x0000000000000000       0x40
 *(.debug_alt_sim_info)
 .debug_alt_sim_info
                0x0000000000000000       0x10 ../lab2_sw_bsp//obj/HAL/src/crt0.o
 .debug_alt_sim_info
                0x0000000000000010       0x30 ../lab2_sw_bsp/\libhal_bsp.a(alt_busy_sleep.o)
                0x0000000000004000                __alt_data_end = 0x4000
                0x0000000000004000                PROVIDE (__alt_stack_pointer, __alt_data_end)
                [!provide]                        PROVIDE (__alt_stack_limit, __alt_stack_base)
                [!provide]                        PROVIDE (__alt_heap_start, end)
                [!provide]                        PROVIDE (__alt_heap_limit, 0x4000)
OUTPUT(lab2_sw.elf elf32-littlenios2)

.debug_ranges   0x0000000000000000       0x80
 .debug_ranges  0x0000000000000000       0x20 ../lab2_sw_bsp//obj/HAL/src/crt0.o
 .debug_ranges  0x0000000000000020       0x60 c:/quartus/17.1/nios2eds/bin/gnu/h-x86_64-mingw32/bin/../lib/gcc/nios2-elf/5.3.0/mno-hw-mul\libgcc.a(lib2-divmod.o)
