------------------------------------------------------------
TimeQuest Timing Analyzer Summary
------------------------------------------------------------

Type  : Slow 1200mV 85C Model Setup 'P_clk|altpll_component|auto_generated|pll1|clk[0]'
Slack : 39.036
TNS   : 0.000

Type  : Slow 1200mV 85C Model Hold 'P_clk|altpll_component|auto_generated|pll1|clk[0]'
Slack : 0.500
TNS   : 0.000

Type  : Slow 1200mV 85C Model Minimum Pulse Width 'clk_in'
Slack : 4.934
TNS   : 0.000

Type  : Slow 1200mV 85C Model Minimum Pulse Width 'P_clk|altpll_component|auto_generated|pll1|clk[0]'
Slack : 19.718
TNS   : 0.000

Type  : Slow 1200mV 0C Model Setup 'P_clk|altpll_component|auto_generated|pll1|clk[0]'
Slack : 39.132
TNS   : 0.000

Type  : Slow 1200mV 0C Model Hold 'P_clk|altpll_component|auto_generated|pll1|clk[0]'
Slack : 0.470
TNS   : 0.000

Type  : Slow 1200mV 0C Model Minimum Pulse Width 'clk_in'
Slack : 4.943
TNS   : 0.000

Type  : Slow 1200mV 0C Model Minimum Pulse Width 'P_clk|altpll_component|auto_generated|pll1|clk[0]'
Slack : 19.717
TNS   : 0.000

Type  : Fast 1200mV 0C Model Setup 'P_clk|altpll_component|auto_generated|pll1|clk[0]'
Slack : 39.576
TNS   : 0.000

Type  : Fast 1200mV 0C Model Hold 'P_clk|altpll_component|auto_generated|pll1|clk[0]'
Slack : 0.193
TNS   : 0.000

Type  : Fast 1200mV 0C Model Minimum Pulse Width 'clk_in'
Slack : 4.594
TNS   : 0.000

Type  : Fast 1200mV 0C Model Minimum Pulse Width 'P_clk|altpll_component|auto_generated|pll1|clk[0]'
Slack : 19.798
TNS   : 0.000

------------------------------------------------------------
